// Jest Snapshot v1, https://goo.gl/fbAQLP

exports[`appInfo returns expected values 1`] = `
Object {
  "version": "1.0.0",
}
`;
