// Jest Snapshot v1, https://goo.gl/fbAQLP

exports[`healthCheck checks for a valid database connection and returns it 1`] = `
Object {
  "db": true,
}
`;
